[     130ms] [LOG] [Fast Refresh] rebuilding @ http://localhost:3000/_next/static/chunks/0~n7_next_dist_0.e1l8a._.js:2431
[     384ms] [LOG] [Fast Refresh] done in 355ms @ http://localhost:3000/_next/static/chunks/0~n7_next_dist_0.e1l8a._.js:2431
[     403ms] [LOG] %c[Vercel Speed Insights]%c [vitals] color: rgb(120, 120, 120) color: inherit {speed: 3g, metrics: Array(3), scriptVersion: 0.1.3, sdkName: @vercel/speed-insights/next, sdkVersion: 2.0.0} /_vercel/speed-insights/vitals @ http://localhost:3000/_next/static/chunks/0~n7_next_dist_0.e1l8a._.js:2431
[     404ms] [LOG] %c[Vercel Speed Insights]%c [vitals] color: rgb(120, 120, 120) color: inherit {speed: 3g, metrics: Array(1), scriptVersion: 0.1.3, sdkName: @vercel/speed-insights/next, sdkVersion: 2.0.0} /_vercel/speed-insights/vitals @ http://localhost:3000/_next/static/chunks/0~n7_next_dist_0.e1l8a._.js:2431
[     472ms] [INFO] %cDownload the React DevTools for a better development experience: https://react.dev/link/react-devtools font-weight:bold @ http://localhost:3000/_next/static/chunks/0~n7_next_dist_0.e1l8a._.js:2431
[     506ms] [LOG] [HMR] connected @ http://localhost:3000/_next/static/chunks/0~n7_next_dist_0.e1l8a._.js:2431
[     568ms] [LOG] %c[Vercel Speed Insights]%c Debug mode is enabled by default in development. No requests will be sent to the server. color: rgb(120, 120, 120) color: inherit @ http://localhost:3000/_next/static/chunks/0~n7_next_dist_0.e1l8a._.js:2431
[     568ms] [LOG] %c[Vercel Web Analytics]%c Debug mode is enabled by default in development. No requests will be sent to the server. color: rgb(120, 120, 120) color: inherit @ http://localhost:3000/_next/static/chunks/0~n7_next_dist_0.e1l8a._.js:2431
[     569ms] [LOG] %c[Vercel Web Analytics]%c Running queued event color: rgb(120, 120, 120) color: inherit pageview {route: /sign-up, path: /sign-up} @ http://localhost:3000/_next/static/chunks/0~n7_next_dist_0.e1l8a._.js:2431
[     569ms] [LOG] %c[Vercel Web Analytics]%c [view] http://localhost:3000/sign-up color: rgb(120, 120, 120) color: inherit {o: http://localhost:3000/sign-up, sv: 0.1.3, sdkn: @vercel/analytics/next, sdkv: 2.0.1, ts: 1779455239119} /_vercel/insights/view @ http://localhost:3000/_next/static/chunks/0~n7_next_dist_0.e1l8a._.js:2431
[     701ms] [LOG] [Fast Refresh] rebuilding @ http://localhost:3000/_next/static/chunks/0~n7_next_dist_0.e1l8a._.js:2431
[     747ms] [WARNING] Clerk: Clerk has been loaded with development keys. Development instances have strict usage limits and should not be used when deploying your application to production. Learn more: https://clerk.com/docs/deployments/overview @ http://localhost:3000/_next/static/chunks/0~n7_next_dist_0.e1l8a._.js:2431
[     811ms] [LOG] [Fast Refresh] done in 213ms @ http://localhost:3000/_next/static/chunks/0~n7_next_dist_0.e1l8a._.js:2431
[    1224ms] [WARNING] Clerk: Structural CSS detected that may break on updates.

Found:
  - elements.footer "& > :not(:first-child)"

These selectors depend on the internal DOM structure of Clerk's components, which may change when Clerk deploys component updates.
To prevent breaking changes, install @clerk/ui and pass it to ClerkProvider:

  import { ui } from '@clerk/ui'
  <ClerkProvider ui={ui}>

Learn more: https://clerk.com/docs/reference/components/versioning
(code=structural_css_pin_clerk_ui) @ http://localhost:3000/_next/static/chunks/0~n7_next_dist_0.e1l8a._.js:2431
