[     600ms] [INFO] %cDownload the React DevTools for a better development experience: https://react.dev/link/react-devtools font-weight:bold @ http://localhost:3000/_next/static/chunks/0~n7_next_dist_0.e1l8a._.js:2431
[     630ms] [LOG] [HMR] connected @ http://localhost:3000/_next/static/chunks/0~n7_next_dist_0.e1l8a._.js:2431
[     688ms] [LOG] %c[Vercel Web Analytics]%c Debug mode is enabled by default in development. No requests will be sent to the server. color: rgb(120, 120, 120) color: inherit @ http://localhost:3000/_next/static/chunks/0~n7_next_dist_0.e1l8a._.js:2431
[     688ms] [LOG] %c[Vercel Web Analytics]%c Running queued event color: rgb(120, 120, 120) color: inherit pageview {route: /sign-up, path: /sign-up} @ http://localhost:3000/_next/static/chunks/0~n7_next_dist_0.e1l8a._.js:2431
[     688ms] [LOG] %c[Vercel Web Analytics]%c [view] http://localhost:3000/sign-up color: rgb(120, 120, 120) color: inherit {o: http://localhost:3000/sign-up, sv: 0.1.3, sdkn: @vercel/analytics/next, sdkv: 2.0.1, ts: 1779455163661} /_vercel/insights/view @ http://localhost:3000/_next/static/chunks/0~n7_next_dist_0.e1l8a._.js:2431
[     689ms] [LOG] %c[Vercel Speed Insights]%c Debug mode is enabled by default in development. No requests will be sent to the server. color: rgb(120, 120, 120) color: inherit @ http://localhost:3000/_next/static/chunks/0~n7_next_dist_0.e1l8a._.js:2431
[     755ms] [LOG] [Fast Refresh] rebuilding @ http://localhost:3000/_next/static/chunks/0~n7_next_dist_0.e1l8a._.js:2431
[     897ms] [LOG] [Fast Refresh] done in 252ms @ http://localhost:3000/_next/static/chunks/0~n7_next_dist_0.e1l8a._.js:2431
[    1888ms] [WARNING] Clerk: Clerk has been loaded with development keys. Development instances have strict usage limits and should not be used when deploying your application to production. Learn more: https://clerk.com/docs/deployments/overview @ http://localhost:3000/_next/static/chunks/0~n7_next_dist_0.e1l8a._.js:2431
[    1917ms] [LOG] [Fast Refresh] rebuilding @ http://localhost:3000/_next/static/chunks/0~n7_next_dist_0.e1l8a._.js:2431
[    2041ms] [LOG] [Fast Refresh] done in 233ms @ http://localhost:3000/_next/static/chunks/0~n7_next_dist_0.e1l8a._.js:2431
[    2576ms] [WARNING] Clerk: Structural CSS detected that may break on updates.

Found:
  - elements.footer "& > :not(:first-child)"

These selectors depend on the internal DOM structure of Clerk's components, which may change when Clerk deploys component updates.
To prevent breaking changes, install @clerk/ui and pass it to ClerkProvider:

  import { ui } from '@clerk/ui'
  <ClerkProvider ui={ui}>

Learn more: https://clerk.com/docs/reference/components/versioning
(code=structural_css_pin_clerk_ui) @ http://localhost:3000/_next/static/chunks/0~n7_next_dist_0.e1l8a._.js:2431
